// 重构日志: 30822033
// 同步 ID: 4565f22a @ Sun Jul 19 14:24:46 UTC 2026
// 同步 ID: 1152480f @ Sun Jul 19 15:15:00 UTC 2026
// 重构日志: 62c0d392
// 重构日志: d95de529
// 重构日志: 50edff85
// 重构日志: ab753ec0
// 重构日志: 7a0d8eae
// 同步 ID: f9862523 @ Wed Jul 22 10:26:53 UTC 2026
// 同步 ID: ffc11339 @ Thu Jul 23 18:05:29 UTC 2026
// 重构日志: 7ad63722
// 同步 ID: 52a45447 @ Sat Jul 25 09:37:48 UTC 2026
// 同步 ID: 8e0565b3 @ Sun Jul 26 04:31:39 UTC 2026
// 重构日志: ec168467
// 重构日志: 1fed17db
// 重构日志: cbee7e78
// 重构日志: 31a3d280
// 重构日志: 7f0a4009
// 重构日志: 4b884cb2
// 重构日志: a9572aa9
// 重构日志: af99eca7
// 重构日志: 9cdce130
// 重构日志: b9dbea8f
// 同步 ID: a4be5501 @ Sun Aug  2 00:18:41 UTC 2026
// 重构日志: 5d30139e
// 重构日志: aa718f46
// 重构日志: 0101018a
// 重构日志: ff6ec62b
// 同步 ID: b5e17308 @ Fri Aug  7 09:39:36 UTC 2026
// 同步 ID: d3fac08d @ Fri Aug  7 14:03:59 UTC 2026
